// Jest Snapshot v1, https://goo.gl/fbAQLP

exports[`Navbar Component tests must display the component correctly 1`] = `
<nav class="navbar bg-primary"><a class="navbar-brand text-white"><img src="" height="24" alt="Vue Logo" class="d-inline align-text-top mx-2"> anbreaker</a>
  <div class="d-flex"><button class="btn btn-outline-info mx-2"><i class="fa fa-sign-out-alt"></i> Logout </button></div>
</nav>
`;
